// Jest Snapshot v1, https://goo.gl/fbAQLP

exports[`HistoryList Component renders correctly with given history data 1`] = `
<RCTScrollView
  data={
    [
      {
        "details": "History Item 1",
        "time": "2023-11-23T12:00:00Z",
      },
      {
        "details": "History Item 2",
        "time": "2023-11-24T14:00:00Z",
      },
    ]
  }
  getItem={[Function]}
  getItemCount={[Function]}
  keyExtractor={[Function]}
  onContentSizeChange={[Function]}
  onLayout={[Function]}
  onMomentumScrollBegin={[Function]}
  onMomentumScrollEnd={[Function]}
  onScroll={[Function]}
  onScrollBeginDrag={[Function]}
  onScrollEndDrag={[Function]}
  removeClippedSubviews={false}
  renderItem={[Function]}
  scrollEventThrottle={0.0001}
  stickyHeaderIndices={[]}
  viewabilityConfigCallbackPairs={[]}
>
  <View>
    <View
      onFocusCapture={[Function]}
      onLayout={[Function]}
      style={null}
    >
      <View
        style={
          {
            "alignItems": "center",
            "flexDirection": "row",
            "marginBottom": 10,
          }
        }
      >
        <Text
          style={
            [
              {
                "textAlign": "left",
              },
              {
                "color": "rgba(28, 27, 31, 1)",
                "fontFamily": "System",
                "fontWeight": "400",
                "letterSpacing": 0,
              },
              {
                "writingDirection": "ltr",
              },
              {
                "marginRight": 10,
              },
            ]
          }
        >
          2023-11-23T12:00:00Z
        </Text>
        <Text
          style={
            [
              {
                "textAlign": "left",
              },
              {
                "color": "rgba(28, 27, 31, 1)",
                "fontFamily": "System",
                "fontWeight": "400",
                "letterSpacing": 0,
              },
              {
                "writingDirection": "ltr",
              },
              {
                "flex": 1,
                "fontSize": 16,
                "fontWeight": "bold",
              },
            ]
          }
        />
      </View>
    </View>
    <View
      onFocusCapture={[Function]}
      onLayout={[Function]}
      style={null}
    >
      <View
        style={
          {
            "alignItems": "center",
            "flexDirection": "row",
            "marginBottom": 10,
          }
        }
      >
        <Text
          style={
            [
              {
                "textAlign": "left",
              },
              {
                "color": "rgba(28, 27, 31, 1)",
                "fontFamily": "System",
                "fontWeight": "400",
                "letterSpacing": 0,
              },
              {
                "writingDirection": "ltr",
              },
              {
                "marginRight": 10,
              },
            ]
          }
        >
          2023-11-24T14:00:00Z
        </Text>
        <Text
          style={
            [
              {
                "textAlign": "left",
              },
              {
                "color": "rgba(28, 27, 31, 1)",
                "fontFamily": "System",
                "fontWeight": "400",
                "letterSpacing": 0,
              },
              {
                "writingDirection": "ltr",
              },
              {
                "flex": 1,
                "fontSize": 16,
                "fontWeight": "bold",
              },
            ]
          }
        />
      </View>
    </View>
  </View>
</RCTScrollView>
`;
