// Jest Snapshot v1, https://goo.gl/fbAQLP

exports[`HistoryItem Component renders correctly with given props 1`] = `
<View
  style={
    {
      "alignItems": "center",
      "flexDirection": "row",
      "marginBottom": 10,
    }
  }
>
  <Text
    style={
      [
        {
          "textAlign": "left",
        },
        {
          "color": "rgba(28, 27, 31, 1)",
          "fontFamily": "System",
          "fontWeight": "400",
          "letterSpacing": 0,
        },
        {
          "writingDirection": "ltr",
        },
        {
          "marginRight": 10,
        },
      ]
    }
  >
    2024-11-24 12:00 PM
  </Text>
  <Text
    style={
      [
        {
          "textAlign": "left",
        },
        {
          "color": "rgba(28, 27, 31, 1)",
          "fontFamily": "System",
          "fontWeight": "400",
          "letterSpacing": 0,
        },
        {
          "writingDirection": "ltr",
        },
        {
          "flex": 1,
          "fontSize": 16,
          "fontWeight": "bold",
        },
      ]
    }
  >
    test1
  </Text>
</View>
`;
